// Jest Snapshot v1, https://goo.gl/fbAQLP

exports[`ASK can have additional prologue 1`] = `
"#pragma join.hash off
BASE <http://foo.bar/baz>

ASK  { ?s ?p ?o . }
"
`;
