// Jest Snapshot v1, https://goo.gl/fbAQLP

exports[`DELETE DATA can have additional prologue 1`] = `
"#pragma join.hash off
BASE <http://foo.bar/baz>

PREFIX owl: <http://www.w3.org/2002/07/owl#>

DELETE DATA {
  <http://example.com/bar> owl:sameAs <http://example.org/bar> .
}"
`;
