// Jest Snapshot v1, https://goo.gl/fbAQLP

exports[`DESCRIBE can have additional prologue 1`] = `
"#pragma join.hash off
BASE <http://foo.bar/baz>

DESCRIBE ?foo

WHERE {
?foo a ?bar
}

"
`;
